[INFO] Scanning for projects...
[INFO] 
[INFO] ----------------< br.com.a3:a3-anima-gestao_financeira >----------------
[INFO] Building a3-anima-gestao_financeira 0.0.1-SNAPSHOT
[INFO]   from pom.xml
[INFO] --------------------------------[ jar ]---------------------------------
[INFO] 
[INFO] >>> spring-boot:4.0.3:run (default-cli) > test-compile @ a3-anima-gestao_financeira >>>
[INFO] 
[INFO] --- resources:3.3.1:resources (default-resources) @ a3-anima-gestao_financeira ---
[INFO] Copying 1 resource from src/main/resources to target/classes
[INFO] Copying 4 resources from src/main/resources to target/classes
[INFO] 
[INFO] --- compiler:3.14.1:compile (default-compile) @ a3-anima-gestao_financeira ---
[INFO] Recompiling the module because of changed source code.
[INFO] Compiling 37 source files with javac [debug parameters release 25] to target/classes
[INFO] 
[INFO] --- resources:3.3.1:testResources (default-testResources) @ a3-anima-gestao_financeira ---
[INFO] Copying 1 resource from src/test/resources to target/test-classes
[INFO] 
[INFO] --- compiler:3.14.1:testCompile (default-testCompile) @ a3-anima-gestao_financeira ---
[INFO] Recompiling the module because of changed dependency.
[INFO] Compiling 3 source files with javac [debug parameters release 25] to target/test-classes
[INFO] 
[INFO] <<< spring-boot:4.0.3:run (default-cli) < test-compile @ a3-anima-gestao_financeira <<<
[INFO] 
[INFO] 
[INFO] --- spring-boot:4.0.3:run (default-cli) @ a3-anima-gestao_financeira ---
[INFO] Attaching agents: []

  .   ____          _            __ _ _
 /\\ / ___'_ __ _ _(_)_ __  __ _ \ \ \ \
( ( )\___ | '_ | '_| | '_ \/ _` | \ \ \ \
 \\/  ___)| |_)| | | | | || (_| |  ) ) ) )
  '  |____| .__|_| |_|_| |_\__, | / / / /
 =========|_|==============|___/=/_/_/_/

 :: Spring Boot ::                (v4.0.3)

2026-04-21T20:30:25.013-03:00  INFO 2764109 --- [a3-anima-gestao_financeira] [           main] b.c.a.A3AnimaGestaoFinanceiraApplication : Starting A3AnimaGestaoFinanceiraApplication using Java 25.0.2 with PID 2764109 (/home/runner/development/personal/a3-anima-gestao_financeira/target/classes started by runner in /home/runner/development/personal/a3-anima-gestao_financeira)
2026-04-21T20:30:25.014-03:00  INFO 2764109 --- [a3-anima-gestao_financeira] [           main] b.c.a.A3AnimaGestaoFinanceiraApplication : No active profile set, falling back to 1 default profile: "default"
2026-04-21T20:30:25.366-03:00  INFO 2764109 --- [a3-anima-gestao_financeira] [           main] .s.d.r.c.RepositoryConfigurationDelegate : Bootstrapping Spring Data JPA repositories in DEFAULT mode.
2026-04-21T20:30:25.394-03:00  INFO 2764109 --- [a3-anima-gestao_financeira] [           main] .s.d.r.c.RepositoryConfigurationDelegate : Finished Spring Data repository scanning in 23 ms. Found 2 JPA repository interfaces.
2026-04-21T20:30:25.649-03:00  INFO 2764109 --- [a3-anima-gestao_financeira] [           main] o.s.boot.tomcat.TomcatWebServer          : Tomcat initialized with port 8080 (http)
2026-04-21T20:30:25.657-03:00  INFO 2764109 --- [a3-anima-gestao_financeira] [           main] o.apache.catalina.core.StandardService   : Starting service [Tomcat]
2026-04-21T20:30:25.657-03:00  INFO 2764109 --- [a3-anima-gestao_financeira] [           main] o.apache.catalina.core.StandardEngine    : Starting Servlet engine: [Apache Tomcat/11.0.18]
2026-04-21T20:30:25.679-03:00  INFO 2764109 --- [a3-anima-gestao_financeira] [           main] b.w.c.s.WebApplicationContextInitializer : Root WebApplicationContext: initialization completed in 631 ms
2026-04-21T20:30:25.774-03:00  INFO 2764109 --- [a3-anima-gestao_financeira] [           main] org.hibernate.orm.jpa                    : HHH008540: Processing PersistenceUnitInfo [name: default]
2026-04-21T20:30:25.800-03:00  INFO 2764109 --- [a3-anima-gestao_financeira] [           main] org.hibernate.orm.core                   : HHH000001: Hibernate ORM core version 7.2.4.Final
2026-04-21T20:30:26.024-03:00  INFO 2764109 --- [a3-anima-gestao_financeira] [           main] o.s.o.j.p.SpringPersistenceUnitInfo      : No LoadTimeWeaver setup: ignoring JPA class transformer
2026-04-21T20:30:26.041-03:00  INFO 2764109 --- [a3-anima-gestao_financeira] [           main] com.zaxxer.hikari.HikariDataSource       : HikariPool-1 - Starting...
2026-04-21T20:30:26.380-03:00  INFO 2764109 --- [a3-anima-gestao_financeira] [           main] com.zaxxer.hikari.pool.HikariPool        : HikariPool-1 - Added connection org.postgresql.jdbc.PgConnection@6dcee890
2026-04-21T20:30:26.381-03:00  INFO 2764109 --- [a3-anima-gestao_financeira] [           main] com.zaxxer.hikari.HikariDataSource       : HikariPool-1 - Start completed.
2026-04-21T20:30:26.405-03:00  WARN 2764109 --- [a3-anima-gestao_financeira] [           main] org.hibernate.orm.deprecation            : HHH90000025: PostgreSQLDialect does not need to be specified explicitly using 'hibernate.dialect' (remove the property setting and it will be selected by default)
2026-04-21T20:30:26.444-03:00  INFO 2764109 --- [a3-anima-gestao_financeira] [           main] org.hibernate.orm.connections.pooling    : HHH10001005: Database info:
	Database JDBC URL [jdbc:postgresql://db.ticufuziiqrnehgleeht.supabase.co:5432/postgres]
	Database driver: PostgreSQL JDBC Driver
	Database dialect: PostgreSQLDialect
	Database version: 17.6
	Default catalog/schema: postgres/public
	Autocommit mode: undefined/unknown
	Isolation level: READ_COMMITTED [default READ_COMMITTED]
	JDBC fetch size: none
	Pool: DataSourceConnectionProvider
	Minimum pool size: undefined/unknown
	Maximum pool size: undefined/unknown
2026-04-21T20:30:26.906-03:00  INFO 2764109 --- [a3-anima-gestao_financeira] [           main] org.hibernate.orm.core                   : HHH000489: No JTA platform available (set 'hibernate.transaction.jta.platform' to enable JTA platform integration)
2026-04-21T20:30:26.969-03:00  INFO 2764109 --- [a3-anima-gestao_financeira] [           main] j.LocalContainerEntityManagerFactoryBean : Initialized JPA EntityManagerFactory for persistence unit 'default'
2026-04-21T20:30:27.011-03:00  INFO 2764109 --- [a3-anima-gestao_financeira] [           main] o.s.d.j.r.query.QueryEnhancerFactories   : Hibernate is in classpath; If applicable, HQL parser will be used.
2026-04-21T20:30:27.742-03:00  INFO 2764109 --- [a3-anima-gestao_financeira] [           main] r$InitializeUserDetailsManagerConfigurer : Global AuthenticationManager configured with UserDetailsService bean with name userDetailsService
2026-04-21T20:30:27.821-03:00  INFO 2764109 --- [a3-anima-gestao_financeira] [           main] o.s.b.w.a.WelcomePageHandlerMapping      : Adding welcome page: class path resource [static/index.html]
2026-04-21T20:30:27.939-03:00  INFO 2764109 --- [a3-anima-gestao_financeira] [           main] o.s.boot.tomcat.TomcatWebServer          : Tomcat started on port 8080 (http) with context path '/'
2026-04-21T20:30:27.942-03:00  INFO 2764109 --- [a3-anima-gestao_financeira] [           main] b.c.a.A3AnimaGestaoFinanceiraApplication : Started A3AnimaGestaoFinanceiraApplication in 3.137 seconds (process running for 3.349)
2026-04-21T20:30:28.790-03:00  INFO 2764109 --- [a3-anima-gestao_financeira] [nio-8080-exec-1] o.a.c.c.C.[Tomcat].[localhost].[/]       : Initializing Spring DispatcherServlet 'dispatcherServlet'
2026-04-21T20:30:28.790-03:00  INFO 2764109 --- [a3-anima-gestao_financeira] [nio-8080-exec-1] o.s.web.servlet.DispatcherServlet        : Initializing Servlet 'dispatcherServlet'
2026-04-21T20:30:28.791-03:00  INFO 2764109 --- [a3-anima-gestao_financeira] [nio-8080-exec-1] o.s.web.servlet.DispatcherServlet        : Completed initialization in 1 ms
