
  .   ____          _            __ _ _
 /\\ / ___'_ __ _ _(_)_ __  __ _ \ \ \ \
( ( )\___ | '_ | '_| | '_ \/ _` | \ \ \ \
 \\/  ___)| |_)| | | | | || (_| |  ) ) ) )
  '  |____| .__|_| |_|_| |_\__, | / / / /
 =========|_|==============|___/=/_/_/_/

 :: Spring Boot ::                (v4.0.3)

2026-04-02T16:21:35.610-03:00  INFO 14188 --- [a3-anima-gestao_financeira] [           main] b.c.a.A3AnimaGestaoFinanceiraApplication : Starting A3AnimaGestaoFinanceiraApplication v0.0.1-SNAPSHOT using Java 25.0.2 with PID 14188 (C:\Users\Wellinton_Voss\OneDrive\Área de Trabalho\A3\a3-anima-gestao_financeira\target\a3-anima-gestao_financeira-0.0.1-SNAPSHOT.jar started by Wellinton_Voss in C:\Users\Wellinton_Voss\OneDrive\Área de Trabalho\A3\a3-anima-gestao_financeira)
2026-04-02T16:21:35.620-03:00  INFO 14188 --- [a3-anima-gestao_financeira] [           main] b.c.a.A3AnimaGestaoFinanceiraApplication : No active profile set, falling back to 1 default profile: "default"
2026-04-02T16:21:36.825-03:00  INFO 14188 --- [a3-anima-gestao_financeira] [           main] .s.d.r.c.RepositoryConfigurationDelegate : Bootstrapping Spring Data JPA repositories in DEFAULT mode.
2026-04-02T16:21:36.899-03:00  INFO 14188 --- [a3-anima-gestao_financeira] [           main] .s.d.r.c.RepositoryConfigurationDelegate : Finished Spring Data repository scanning in 61 ms. Found 2 JPA repository interfaces.
2026-04-02T16:21:37.892-03:00  INFO 14188 --- [a3-anima-gestao_financeira] [           main] o.s.boot.tomcat.TomcatWebServer          : Tomcat initialized with port 8081 (http)
2026-04-02T16:21:37.928-03:00  INFO 14188 --- [a3-anima-gestao_financeira] [           main] o.apache.catalina.core.StandardService   : Starting service [Tomcat]
2026-04-02T16:21:37.929-03:00  INFO 14188 --- [a3-anima-gestao_financeira] [           main] o.apache.catalina.core.StandardEngine    : Starting Servlet engine: [Apache Tomcat/11.0.18]
2026-04-02T16:21:38.001-03:00  INFO 14188 --- [a3-anima-gestao_financeira] [           main] b.w.c.s.WebApplicationContextInitializer : Root WebApplicationContext: initialization completed in 2283 ms
2026-04-02T16:21:38.300-03:00  INFO 14188 --- [a3-anima-gestao_financeira] [           main] org.hibernate.orm.jpa                    : HHH008540: Processing PersistenceUnitInfo [name: default]
2026-04-02T16:21:38.394-03:00  INFO 14188 --- [a3-anima-gestao_financeira] [           main] org.hibernate.orm.core                   : HHH000001: Hibernate ORM core version 7.2.4.Final
2026-04-02T16:21:39.801-03:00  INFO 14188 --- [a3-anima-gestao_financeira] [           main] o.s.o.j.p.SpringPersistenceUnitInfo      : No LoadTimeWeaver setup: ignoring JPA class transformer
2026-04-02T16:21:39.861-03:00  INFO 14188 --- [a3-anima-gestao_financeira] [           main] com.zaxxer.hikari.HikariDataSource       : HikariPool-1 - Starting...
2026-04-02T16:21:40.231-03:00  INFO 14188 --- [a3-anima-gestao_financeira] [           main] com.zaxxer.hikari.pool.HikariPool        : HikariPool-1 - Added connection conn0: url=jdbc:h2:file:./data/a3db user=SA
2026-04-02T16:21:40.234-03:00  INFO 14188 --- [a3-anima-gestao_financeira] [           main] com.zaxxer.hikari.HikariDataSource       : HikariPool-1 - Start completed.
2026-04-02T16:21:40.326-03:00  INFO 14188 --- [a3-anima-gestao_financeira] [           main] org.hibernate.orm.connections.pooling    : HHH10001005: Database info:
	Database JDBC URL [jdbc:h2:file:./data/a3db]
	Database driver: H2 JDBC Driver
	Database dialect: H2Dialect
	Database version: 2.4.240
	Default catalog/schema: A3DB/PUBLIC
	Autocommit mode: undefined/unknown
	Isolation level: READ_COMMITTED [default READ_COMMITTED]
	JDBC fetch size: 100
	Pool: DataSourceConnectionProvider
	Minimum pool size: undefined/unknown
	Maximum pool size: undefined/unknown
2026-04-02T16:21:41.844-03:00  INFO 14188 --- [a3-anima-gestao_financeira] [           main] org.hibernate.orm.core                   : HHH000489: No JTA platform available (set 'hibernate.transaction.jta.platform' to enable JTA platform integration)
2026-04-02T16:21:41.938-03:00  INFO 14188 --- [a3-anima-gestao_financeira] [           main] j.LocalContainerEntityManagerFactoryBean : Initialized JPA EntityManagerFactory for persistence unit 'default'
2026-04-02T16:21:42.088-03:00  INFO 14188 --- [a3-anima-gestao_financeira] [           main] o.s.d.j.r.query.QueryEnhancerFactories   : Hibernate is in classpath; If applicable, HQL parser will be used.
2026-04-02T16:21:44.043-03:00  INFO 14188 --- [a3-anima-gestao_financeira] [           main] o.s.b.w.a.WelcomePageHandlerMapping      : Adding welcome page: class path resource [static/index.html]
2026-04-02T16:21:44.875-03:00  INFO 14188 --- [a3-anima-gestao_financeira] [           main] o.s.b.h.a.H2ConsoleAutoConfiguration     : H2 console available at '/h2-console'. Database available at 'jdbc:h2:file:./data/a3db'
2026-04-02T16:21:44.991-03:00  INFO 14188 --- [a3-anima-gestao_financeira] [           main] o.s.boot.tomcat.TomcatWebServer          : Tomcat started on port 8081 (http) with context path '/'
2026-04-02T16:21:45.021-03:00  INFO 14188 --- [a3-anima-gestao_financeira] [           main] b.c.a.A3AnimaGestaoFinanceiraApplication : Started A3AnimaGestaoFinanceiraApplication in 9.904 seconds (process running for 10.916)
2026-04-02T16:21:45.108-03:00  INFO 14188 --- [a3-anima-gestao_financeira] [nio-8081-exec-1] o.a.c.c.C.[Tomcat].[localhost].[/]       : Initializing Spring DispatcherServlet 'dispatcherServlet'
2026-04-02T16:21:45.109-03:00  INFO 14188 --- [a3-anima-gestao_financeira] [nio-8081-exec-1] o.s.web.servlet.DispatcherServlet        : Initializing Servlet 'dispatcherServlet'
2026-04-02T16:21:45.111-03:00  INFO 14188 --- [a3-anima-gestao_financeira] [nio-8081-exec-1] o.s.web.servlet.DispatcherServlet        : Completed initialization in 1 ms
